// Jest Snapshot v1, https://goo.gl/fbAQLP

exports[`[Input] should render Basic 1`] = `[Function]`;

exports[`[Input] should render Disabled 1`] = `[Function]`;

exports[`[Input] should render HelperText 1`] = `[Function]`;

exports[`[Input] should render Required 1`] = `[Function]`;
