// Jest Snapshot v1, https://goo.gl/fbAQLP

exports[`[Button] should render Basic 1`] = `[Function]`;

exports[`[Button] should render Disabled 1`] = `[Function]`;
